###################
## 3-say_my_name ##
###################

Verify import:
-------------
>>> say_my_name = __import__('3-say_my_name').say_my_name

___________________________________________________________
Verify if first_name is of type string:
--------------------------------------
>>> say_my_name(123, "Smith")
Traceback (most recent call last):
    ...
TypeError: first_name must be a string

___________________________________________________________
Verify if last_name is of type string:
-------------------------------------
>>> say_my_name("John", 123)
Traceback (most recent call last):
    ...
TypeError: last_name must be a string

___________________________________________________________
Verify if first_name and last_name are of type string:
-----------------------------------------------------
>>> say_my_name(123, 456)
Traceback (most recent call last):
    ...
TypeError: first_name must be a string

___________________________________________________________
Verify if first_name is empty:
-----------------------------
>>> say_my_name("", "Smith")
My name is  Smith

___________________________________________________________
Verify if last_name is empty:
----------------------------
>>> say_my_name("John", "")
My name is John 

___________________________________________________________
Verify if only one arguments:
----------------------------
>>> say_my_name("John")
My name is John 

___________________________________________________________